// Jest Snapshot v1, https://goo.gl/fbAQLP

exports[`Map tests Map snapshot is valid with base props 1`] = `
<div
  className="sc-bczRLJ igATvh"
>
  <div
    id="map"
  />
</div>
`;
