// Jest Snapshot v1, https://goo.gl/fbAQLP

exports[`Layout tests Layout snapshot is valid 1`] = `
<div
  className="sc-bczRLJ ljbnaa"
>
  <div>
    child
  </div>
</div>
`;
